Starting test
+ Format blocksize 1024 and mount
umount: /dev/vdc: not mounted.
mke2fs 1.47.1-rc2 (01-May-2024)
Discarding device blocks:       0/5242880               done                            
Creating filesystem with 5242880 1k blocks and 327680 inodes
Filesystem UUID: 98b597c2-8018-4e8b-9b59-2ecc2816b842
Superblock backups stored on blocks: 
	8193, 24577, 40961, 57345, 73729, 204801, 221185, 401409, 663553, 
	1024001, 1990657, 2809857, 5120001

Allocating group tables:   0/640       done                            
Writing inode tables:   0/640       done                            
Creating journal (32768 blocks): done
Writing superblocks and filesystem accounting information:   0/640       done

++ Create the original files
ftruncate: File too large
+++ High offset ftruncate failed
+ Format blocksize 2048 and mount
mke2fs 1.47.1-rc2 (01-May-2024)
Discarding device blocks:       0/2621440               done                            
Creating filesystem with 2621440 2k blocks and 327680 inodes
Filesystem UUID: 52cac15a-d020-4b8f-aa95-2f1ec0f2c523
Superblock backups stored on blocks: 
	16384, 49152, 81920, 114688, 147456, 409600, 442368, 802816, 1327104, 
	2048000

Allocating group tables:   0/160       done                            
Writing inode tables:   0/160       done                            
Creating journal (16384 blocks): done
Writing superblocks and filesystem accounting information:   0/160       done

++ Create the original files
ftruncate: File too large
+++ High offset ftruncate failed
+ Format blocksize 4096 and mount
mke2fs 1.47.1-rc2 (01-May-2024)
Discarding device blocks:       0/1310720               done                            
Creating filesystem with 1310720 4k blocks and 327680 inodes
Filesystem UUID: ed79d90e-f4df-4ec6-8ac4-0b76a43e2b88
Superblock backups stored on blocks: 
	32768, 98304, 163840, 229376, 294912, 819200, 884736

Allocating group tables:  0/40     done                            
Writing inode tables:  0/40     done                            
Creating journal (16384 blocks): done
Writing superblocks and filesystem accounting information:  0/40     done

++ Create the original files
ftruncate: File too large
+++ High offset ftruncate failed
